Traceback (most recent call last):
  File "C:\Users\FBA\miniconda3\envs\ml_venv\lib\site-packages\jupyter_cache\executors\utils.py", line 58, in single_nb_execution
    executenb(
  File "C:\Users\FBA\miniconda3\envs\ml_venv\lib\site-packages\nbclient\client.py", line 1314, in execute
    return NotebookClient(nb=nb, resources=resources, km=km, **kwargs).execute()
  File "C:\Users\FBA\miniconda3\envs\ml_venv\lib\site-packages\jupyter_core\utils\__init__.py", line 165, in wrapped
    return loop.run_until_complete(inner)
  File "C:\Users\FBA\miniconda3\envs\ml_venv\lib\asyncio\base_events.py", line 647, in run_until_complete
    return future.result()
  File "C:\Users\FBA\miniconda3\envs\ml_venv\lib\site-packages\nbclient\client.py", line 709, in async_execute
    await self.async_execute_cell(
  File "C:\Users\FBA\miniconda3\envs\ml_venv\lib\site-packages\nbclient\client.py", line 1062, in async_execute_cell
    await self._check_raise_for_error(cell, cell_index, exec_reply)
  File "C:\Users\FBA\miniconda3\envs\ml_venv\lib\site-packages\nbclient\client.py", line 918, in _check_raise_for_error
    raise CellExecutionError.from_cell_and_msg(cell, exec_reply_content)
nbclient.exceptions.CellExecutionError: An error occurred while executing the following cell:
------------------
import pandas as pd
import matplotlib.pyplot as plt 

df = pd.read_csv(csv_file_path)

# Convertir la columna de fechas al formato de fecha
df['Date'] = pd.to_datetime(df['Date'], format='%d/%m/%Y')

# Configurar la columna 'Date' como índice
df.set_index('Date', inplace=True)

# Crear una figura y ejes para varias series de tiempo
fig, ax = plt.subplots(figsize=(10, 6))

# Graficar series de tiempo
ax.plot(df.index, df['discharge_kildwick'], label='Caudal en Kildwick/England')
ax.plot(df.index, df['discharge_armley'], label='Caudal en Armley/England')

# Personalizar gráfico
ax.set_title('Series de Tiempo Caudal River Air')
ax.set_xlabel('Fecha')
ax.set_ylabel('Discharge')
ax.legend()

# Mostrar gráfico
plt.xticks(rotation=45)
plt.tight_layout()
plt.show()
------------------


[1;31m---------------------------------------------------------------------------[0m
[1;31mNameError[0m                                 Traceback (most recent call last)
Cell [1;32mIn[1], line 4[0m
[0;32m      1[0m [38;5;28;01mimport[39;00m [38;5;21;01mpandas[39;00m [38;5;28;01mas[39;00m [38;5;21;01mpd[39;00m
[0;32m      2[0m [38;5;28;01mimport[39;00m [38;5;21;01mmatplotlib[39;00m[38;5;21;01m.[39;00m[38;5;21;01mpyplot[39;00m [38;5;28;01mas[39;00m [38;5;21;01mplt[39;00m 
[1;32m----> 4[0m df [38;5;241m=[39m pd[38;5;241m.[39mread_csv([43mcsv_file_path[49m)
[0;32m      6[0m [38;5;66;03m# Convertir la columna de fechas al formato de fecha[39;00m
[0;32m      7[0m df[[38;5;124m'[39m[38;5;124mDate[39m[38;5;124m'[39m] [38;5;241m=[39m pd[38;5;241m.[39mto_datetime(df[[38;5;124m'[39m[38;5;124mDate[39m[38;5;124m'[39m], [38;5;28mformat[39m[38;5;241m=[39m[38;5;124m'[39m[38;5;132;01m%d[39;00m[38;5;124m/[39m[38;5;124m%[39m[38;5;124mm/[39m[38;5;124m%[39m[38;5;124mY[39m[38;5;124m'[39m)

[1;31mNameError[0m: name 'csv_file_path' is not defined

