Traceback (most recent call last):
  File "C:\Users\FBA\miniconda3\envs\ml_venv\lib\site-packages\jupyter_cache\executors\utils.py", line 58, in single_nb_execution
    executenb(
  File "C:\Users\FBA\miniconda3\envs\ml_venv\lib\site-packages\nbclient\client.py", line 1314, in execute
    return NotebookClient(nb=nb, resources=resources, km=km, **kwargs).execute()
  File "C:\Users\FBA\miniconda3\envs\ml_venv\lib\site-packages\jupyter_core\utils\__init__.py", line 165, in wrapped
    return loop.run_until_complete(inner)
  File "C:\Users\FBA\miniconda3\envs\ml_venv\lib\asyncio\base_events.py", line 647, in run_until_complete
    return future.result()
  File "C:\Users\FBA\miniconda3\envs\ml_venv\lib\site-packages\nbclient\client.py", line 709, in async_execute
    await self.async_execute_cell(
  File "C:\Users\FBA\miniconda3\envs\ml_venv\lib\site-packages\nbclient\client.py", line 1062, in async_execute_cell
    await self._check_raise_for_error(cell, cell_index, exec_reply)
  File "C:\Users\FBA\miniconda3\envs\ml_venv\lib\site-packages\nbclient\client.py", line 918, in _check_raise_for_error
    raise CellExecutionError.from_cell_and_msg(cell, exec_reply_content)
nbclient.exceptions.CellExecutionError: An error occurred while executing the following cell:
------------------
#Titulo prueba

import pandas as pd
import matplotlib.pyplot as plt

df = pd.read_csv(csv_file_path)

# Crear una figura y varios ejes
num_columns = len(df.columns)
fig, axes = plt.subplots(nrows=num_columns, ncols=1, figsize=(10, 4 * num_columns), sharex=True)

# Si solo hay un gráfico, axes será un objeto, no una lista, así que lo convertimos en lista
if num_columns == 1:
    axes = [axes]

# Graficar cada columna en su propio gráfico
for ax, column in zip(axes, df.columns):
    ax.plot(df.index, df[column], label=column)
    ax.set_title(column)
    ax.set_ylabel('Valores')
    ax.legend()

# Ajustar el diseño
plt.xlabel('Fecha')
plt.tight_layout()

# Mostrar gráfico
plt.show()

------------------


[1;31m---------------------------------------------------------------------------[0m
[1;31mNameError[0m                                 Traceback (most recent call last)
Cell [1;32mIn[1], line 6[0m
[0;32m      3[0m [38;5;28;01mimport[39;00m [38;5;21;01mpandas[39;00m [38;5;28;01mas[39;00m [38;5;21;01mpd[39;00m
[0;32m      4[0m [38;5;28;01mimport[39;00m [38;5;21;01mmatplotlib[39;00m[38;5;21;01m.[39;00m[38;5;21;01mpyplot[39;00m [38;5;28;01mas[39;00m [38;5;21;01mplt[39;00m
[1;32m----> 6[0m df [38;5;241m=[39m pd[38;5;241m.[39mread_csv([43mcsv_file_path[49m)
[0;32m      8[0m [38;5;66;03m# Crear una figura y varios ejes[39;00m
[0;32m      9[0m num_columns [38;5;241m=[39m [38;5;28mlen[39m(df[38;5;241m.[39mcolumns)

[1;31mNameError[0m: name 'csv_file_path' is not defined

